LTspice 17.2.4 for MacOS
Circuit: * /Users/rdong/Documents/Github/circuit-scan/test.asc
Start Time: Wed Mar  5 13:33:06 2025
Error on line 3 : r4 0 n003 2 ohms
	 Unknown parameter "ohms"
Error on line 5 : r12 n001 0 4 ohms
	 Unknown parameter "ohms"
solver = Normal
Maximum thread count: 8
tnom = 27
temp = 27
method = modified trap
CompressWinPoints = 1024
Direct Newton iteration for .op point succeeded.
Operating Bias Point Solution:
V(n003)                         -3   voltage
V(n001)                   -2.99925   voltage
V(n002)                         17   voltage
I(A2)                 -9.99963e-27   device_current
I(Ind21)                  0.749813   device_current
I(R4)                          1.5   device_current
I(R12)                   -0.749813   device_current
I(V0)                     -2.24981   device_current
I(A1)                 -9.99963e-27   device_current

Total elapsed time: 0.010 seconds.

